[2020-12-18T21:12:19.618] [INFO] test - 
[2020-12-18T21:12:33.534] [INFO] test - 
[2020-12-18T21:12:45.057] [INFO] test - 
[2020-12-18T21:14:05.256] [INFO] test - Sss
